<LAB>/caesitas_proto/venv/lib/python3.9/site-packages/urllib3/__init__.py:35: NotOpenSSLWarning: urllib3 v2 only supports OpenSSL 1.1.1+, currently the 'ssl' module is compiled with 'LibreSSL 2.8.3'. See: https://github.com/urllib3/urllib3/issues/3020
  warnings.warn(
replay: light axis 54B/44D eval 58B/45D · dur eval 66/43 · col eval 46/31 · AA 9B/4D
儒藏 lines: 448767 (8–40 chars, dedup; 2s)
light: 45/103 eval words attested in 儒藏 · 80 in-situ items
duration: 49/109 eval words attested in 儒藏 · 90 in-situ items
color: 24/77 eval words attested in 儒藏 · 41 in-situ items
AA: 8/13 attested · 16 items · (8s)

=== LaBSE ===
    certificate[whitening] (3000): 0.00e+00
    certificate[inventory] (737): 0.00e+00
  light: classical in-situ 0.812 [0.714–0.899] n=80 · rare 0.8888888888888888 common 0.75
  duration: classical in-situ 0.867 [0.784–0.940] n=90
  color: classical in-situ 0.707 [0.541–0.857] n=41
  [LaBSE done in 282.4s]

=== sikubert ===
    certificate[whitening] (3000): 0.00e+00
    certificate[inventory] (737): 0.00e+00
  light: classical in-situ 0.875 [0.787–0.950] n=80 · rare 0.9166666666666666 common 0.8409090909090909
  duration: classical in-situ 0.867 [0.783–0.935] n=90
  color: classical in-situ 0.683 [0.488–0.857] n=41
  [sikubert done in 332.7s]

=== bge-m3 ===
    certificate[whitening] (3000): 0.00e+00
    certificate[inventory] (737): 0.00e+00
  light: classical in-situ 0.812 [0.722–0.895] n=80 · rare 0.8055555555555556 common 0.8181818181818182
  duration: classical in-situ 0.867 [0.783–0.943] n=90
  color: classical in-situ 0.659 [0.523–0.800] n=41
  [bge-m3 done in 1067.9s]

================ REGISTERED VERDICTS (stage 2) ================
BAND 3 (LaBSE classical light in-situ): 0.812 [0.714–0.899] vs floor .600 → HELD
BAND 4 (sikubert 0.875 [0.787–0.950] vs LaBSE): → LaBSE KEEPS THE SEAT

→ results/comprehensive_sweep_stage2_50.json
