<LAB>/caesitas_proto/venv/lib/python3.9/site-packages/urllib3/__init__.py:35: NotOpenSSLWarning: urllib3 v2 only supports OpenSSL 1.1.1+, currently the 'ssl' module is compiled with 'LibreSSL 2.8.3'. See: https://github.com/urllib3/urllib3/issues/3020
  warnings.warn(
== word-latent v3 REFERENT-COLOR scorer (#53 vigil) -- REAL RUN ==
[R4] 波黑 color+dark drift check: BYTE-IDENTICAL
[R2] captions loaded: 26930 (main+ext)
[gate] pred∧hosted=13  pred∧hosted∧¬realized (GATE n)=12  realized-excluded=1  -> RUN
[score] scorable words: 83  sit-outs: 35  unique texts to embed: 46290
[score] certificate (re-order, batch_size=1, n=46290): 0.00e+00

== selftests (known answers, fail = stop) ==
  [PASS] 雪: realized=False (want False) | call OPEN=False z=-1.8113637474999245
  [PASS] 西红柿: realized=False (want False) hosted=True status=scored | call OPEN=True z=5.170031533558091
  [PASS] 番茄: realized=False (want False) | call OPEN=True z=8.087482771761326
  [PASS] 鲤鱼: call=False (want False) z=1.4629137386537994

== realized-excluded (¬realized guard) ==
  橙色: gloss_hits=['yellow'] leip=0 cap=194

== positive sit-outs (no ensemble) ==

== validation (positives vs controls) ==
  pos=12 neg=69 tp=5 fn=7 fp=2 tn=67
  precision 0.714 recall 0.417 F1 0.526 (floor 0.7) -> ABORT (F1 floor fired)

-> <LAB>/caesitas_proto/results/word_latent_v3_referent_color_53.json
-> <LAB>/caesitas_proto/results/word_latent_v3_referent_color_53.md
