<LAB>/caesitas_proto/venv/lib/python3.9/site-packages/urllib3/__init__.py:35: NotOpenSSLWarning: urllib3 v2 only supports OpenSSL 1.1.1+, currently the 'ssl' module is compiled with 'LibreSSL 2.8.3'. See: https://github.com/urllib3/urllib3/issues/3020
  warnings.warn(
== word-latent v3 REFERENT-COLOR scorer (#53 vigil) -- REAL RUN ==
[R4] 波黑 color+dark drift check: BYTE-IDENTICAL
[R2] captions loaded: 26930 (main+ext)
[gate] pred∧hosted=17  pred∧hosted∧¬realized (GATE n)=16  realized-excluded=1  -> RUN
[score] scorable words: 86  sit-outs: 36  unique texts to embed: 46017
[score] certificate (re-order, batch_size=1, n=46017): 0.00e+00

== selftests (known answers, fail = stop) ==
  [PASS] 雪: realized=False (want False) | call OPEN=False z=-1.8068909475392199
  [PASS] 西红柿: realized=False (want False) hosted=True status=scored | call OPEN=True z=5.133112870023585
  [PASS] 番茄: realized=False (want False) | call OPEN=True z=8.033267053474342
  [PASS] 鲤鱼: call=False (want False) z=1.4479739238598228

== realized-excluded (¬realized guard) ==
  橙黄: gloss_hits=['yellow'] leip=0 cap=1

== positive sit-outs (no ensemble) ==
  金银: word_not_in_hownet
  顯示: word_not_in_hownet

== validation (positives vs controls) ==
  pos=14 neg=68 tp=2 fn=12 fp=2 tn=66
  precision 0.500 recall 0.143 F1 0.222 (floor 0.7) -> ABORT (F1 floor fired)

-> <LAB>/caesitas_proto/results/word_latent_v3_referent_color_53.json
-> <LAB>/caesitas_proto/results/word_latent_v3_referent_color_53.md
